Vivado Simulator v2024.1
Copyright 1986-2022 Xilinx, Inc. All Rights Reserved.
Copyright 2022-2024 Advanced Micro Devices, Inc. All Rights Reserved.
Running: C:/Xilinx/Vivado/2024.1/bin/unwrapped/win64.o/xelab.exe --incr --debug typical --relax --mt 2 -L xil_defaultlib -L secureip --snapshot HDC_Controller_tb_behav xil_defaultlib.HDC_Controller_tb -log elaborate.log 
Using 2 slave threads.
Starting static elaboration
WARNING: [VRFC 10-3813] value in initialization depends on signal 'divider' [D:/Documents/FAU/MasterProjektRelease/Debugging/MASTERPROJEKT_DEBUGGING/MASTERPROJEKT_DEBUGGING.srcs/sources_1/new/HDC_Controller.vhd:141]
Completed static elaboration
Starting simulation data flow analysis
Completed simulation data flow analysis
Time Resolution for simulation is 1ps
Compiling package std.standard
Compiling package std.textio
Compiling package ieee.std_logic_1164
Compiling package ieee.numeric_std
Compiling package ieee.std_logic_textio
Compiling package ieee.math_real
Compiling architecture behavioral of entity xil_defaultlib.IdentityMemory [identitymemory_default]
Compiling architecture behavioral of entity xil_defaultlib.ContinousMemory [continousmemory_default]
Compiling architecture behavioral of entity xil_defaultlib.Accelerator [accelerator_default]
Compiling architecture behavioral of entity xil_defaultlib.AssociativeMemory [associativememory_default]
Compiling architecture behavioral of entity xil_defaultlib.counter_ram [counter_ram_default]
Compiling architecture behavioral of entity xil_defaultlib.HDC_Controller [hdc_controller_default]
Compiling architecture behavioral of entity xil_defaultlib.hdc_controller_tb
Built simulation snapshot HDC_Controller_tb_behav
