Copyright 1986-2022 Xilinx, Inc. All Rights Reserved. Copyright 2022-2024 Advanced Micro Devices, Inc. All Rights Reserved.
---------------------------------------------------------------------------------------------------------------------------------------------
| Tool Version : Vivado v.2024.1 (win64) Build 5076996 Wed May 22 18:37:14 MDT 2024
| Date         : Sat Aug 30 20:35:02 2025
| Host         : DESKTOP-U0V267S running 64-bit major release  (build 9200)
| Command      : upgrade_ip
| Device       : xczu3eg-sbva484-1-i
---------------------------------------------------------------------------------------------------------------------------------------------

Upgrade Log for IP 'design_1_HDC_Controller_AXI_W_0_0'

1. Summary
----------

SUCCESS in the update of design_1_HDC_Controller_AXI_W_0_0 (xilinx.com:user:HDC_Controller_AXI_Wrapper:1.0 (Rev. 1)) to current project options.






Copyright 1986-2022 Xilinx, Inc. All Rights Reserved. Copyright 2022-2024 Advanced Micro Devices, Inc. All Rights Reserved.
---------------------------------------------------------------------------------------------------------------------------------------------
| Tool Version : Vivado v.2024.1 (win64) Build 5076996 Wed May 22 18:37:14 MDT 2024
| Date         : Thu Aug 28 21:31:51 2025
| Host         : DESKTOP-U0V267S running 64-bit major release  (build 9200)
| Command      : upgrade_ip
| Device       : xczu3eg-sbva484-1-i
---------------------------------------------------------------------------------------------------------------------------------------------

Upgrade Log for IP 'design_1_HDC_Controller_AXI_W_0_0'

1. Summary
----------

SUCCESS in the update of design_1_HDC_Controller_AXI_W_0_0 (xilinx.com:user:HDC_Controller_AXI_Wrapper:1.0 (Rev. 1)) to current project options.






Copyright 1986-2022 Xilinx, Inc. All Rights Reserved. Copyright 2022-2024 Advanced Micro Devices, Inc. All Rights Reserved.
---------------------------------------------------------------------------------------------------------------------------------------------
| Tool Version : Vivado v.2024.1 (win64) Build 5076996 Wed May 22 18:37:14 MDT 2024
| Date         : Thu Aug 28 21:29:03 2025
| Host         : DESKTOP-U0V267S running 64-bit major release  (build 9200)
| Command      : upgrade_ip
| Device       : xczu3eg-sbva484-1-i
---------------------------------------------------------------------------------------------------------------------------------------------

Upgrade Log for IP 'design_1_HDC_Controller_AXI_W_0_0'

1. Summary
----------

CAUTION (success, with warnings) in the update of design_1_HDC_Controller_AXI_W_0_0 (xilinx.com:user:HDC_Controller_AXI_Wrapper:1.0 (Rev. 1)) to current project options.

After upgrade, an IP may have parameter and port differences compared to the original customization. Please review the parameters within the IP customization GUI to ensure proper functionality. Also, please review the updated IP instantiation template to ensure proper connectivity, and update your design if required.

2. Connection Warnings
----------------------

Detected external port differences while upgrading 'design_1_HDC_Controller_AXI_W_0_0'. These changes may impact your design.


-Upgrade has removed port 'expected_class_index'

-Upgrade has removed port 'feature_valid_pulse'

-Upgrade has removed port 'feature_value'







Copyright 1986-2022 Xilinx, Inc. All Rights Reserved. Copyright 2022-2024 Advanced Micro Devices, Inc. All Rights Reserved.
---------------------------------------------------------------------------------------------------------------------------------------------
| Tool Version : Vivado v.2024.1 (win64) Build 5076996 Wed May 22 18:37:14 MDT 2024
| Date         : Thu Aug 28 21:27:46 2025
| Host         : DESKTOP-U0V267S running 64-bit major release  (build 9200)
| Command      : upgrade_ip
| Device       : xczu3eg-sbva484-1-i
---------------------------------------------------------------------------------------------------------------------------------------------

Upgrade Log for IP 'design_1_HDC_Controller_AXI_W_0_0'

1. Summary
----------

CAUTION (success, with warnings) in the update of design_1_HDC_Controller_AXI_W_0_0 (xilinx.com:user:HDC_Controller_AXI_Wrapper:1.0 (Rev. 1)) to current project options.

After upgrade, an IP may have parameter and port differences compared to the original customization. Please review the parameters within the IP customization GUI to ensure proper functionality. Also, please review the updated IP instantiation template to ensure proper connectivity, and update your design if required.

2. Connection Warnings
----------------------

Detected external port differences while upgrading 'design_1_HDC_Controller_AXI_W_0_0'. These changes may impact your design.


-Upgrade has removed port 'accelerator_state_dbg'

-Upgrade has removed port 'bound_chunk_dbg'

-Upgrade has removed port 'bundled_result_acc_ila_dbg'

-Upgrade has removed port 'bundled_result_ila_dbg'

-Upgrade has removed port 'chunk_counter_dbg'

-Upgrade has removed port 'chunk_counter_internal_dbg'

-Upgrade has removed port 'cm_addr_mux_dbg'

-Upgrade has removed port 'cm_data_dbg'

-Upgrade has removed port 'compare_state_dbg'

-Upgrade has removed port 'feature_index_dbg'

-Upgrade has removed port 'feature_valid_prev_dbg'

-Upgrade has removed port 'feature_valid_pulse_dbg'

-Upgrade has removed port 'feature_valid_reg_dbg'

-Upgrade has removed port 'feature_values_packed_dbg'

-Upgrade has removed port 'global_cnt_dbg'

-Upgrade has removed port 'im_addr_mux_dbg'

-Upgrade has removed port 'im_data_dbg'

-Upgrade has removed port 'level_index_dbg'

-Upgrade has removed port 'maj_class_index_dbg'

-Upgrade has removed port 'majority_chunk_dbg_0'

-Upgrade has removed port 'memory_index_dbg'

-Upgrade has removed port 'min_hamming_distance_dbg'

-Upgrade has removed port 'popcount_step_dbg'

-Upgrade has removed port 'segment_index_dbg'

-Upgrade has removed port 'sim_counter_dbg'

-Upgrade has removed port 'similarity_counter_dbg'

-Upgrade has removed port 'status_bits_dbg'

-Upgrade has removed port 'test_cnt_dbg'

-Upgrade has removed port 'xor_chunk_dbg'







Copyright 1986-2022 Xilinx, Inc. All Rights Reserved. Copyright 2022-2024 Advanced Micro Devices, Inc. All Rights Reserved.
---------------------------------------------------------------------------------------------------------------------------------------------
| Tool Version : Vivado v.2024.1 (win64) Build 5076996 Wed May 22 18:37:14 MDT 2024
| Date         : Thu Aug 28 16:16:18 2025
| Host         : DESKTOP-U0V267S running 64-bit major release  (build 9200)
| Command      : upgrade_ip
| Device       : xczu3eg-sbva484-1-i
---------------------------------------------------------------------------------------------------------------------------------------------

Upgrade Log for IP 'design_1_HDC_Controller_AXI_W_0_0'

1. Summary
----------

SUCCESS in the update of design_1_HDC_Controller_AXI_W_0_0 (xilinx.com:user:HDC_Controller_AXI_Wrapper:1.0 (Rev. 1)) to current project options.






Copyright 1986-2022 Xilinx, Inc. All Rights Reserved. Copyright 2022-2024 Advanced Micro Devices, Inc. All Rights Reserved.
---------------------------------------------------------------------------------------------------------------------------------------------
| Tool Version : Vivado v.2024.1 (win64) Build 5076996 Wed May 22 18:37:14 MDT 2024
| Date         : Thu Aug 28 12:13:45 2025
| Host         : DESKTOP-U0V267S running 64-bit major release  (build 9200)
| Command      : upgrade_ip
| Device       : xczu3eg-sbva484-1-i
---------------------------------------------------------------------------------------------------------------------------------------------

Upgrade Log for IP 'design_1_HDC_Controller_AXI_W_0_0'

1. Summary
----------

SUCCESS in the update of design_1_HDC_Controller_AXI_W_0_0 (xilinx.com:user:HDC_Controller_AXI_Wrapper:1.0 (Rev. 1)) to current project options.






Copyright 1986-2022 Xilinx, Inc. All Rights Reserved. Copyright 2022-2024 Advanced Micro Devices, Inc. All Rights Reserved.
---------------------------------------------------------------------------------------------------------------------------------------------
| Tool Version : Vivado v.2024.1 (win64) Build 5076996 Wed May 22 18:37:14 MDT 2024
| Date         : Thu Aug 28 12:11:29 2025
| Host         : DESKTOP-U0V267S running 64-bit major release  (build 9200)
| Command      : upgrade_ip
| Device       : xczu3eg-sbva484-1-i
---------------------------------------------------------------------------------------------------------------------------------------------

Upgrade Log for IP 'design_1_HDC_Controller_AXI_W_0_0'

1. Summary
----------

CAUTION (success, with warnings) in the update of design_1_HDC_Controller_AXI_W_0_0 (xilinx.com:user:HDC_Controller_AXI_Wrapper:1.0 (Rev. 1)) to current project options.

After upgrade, an IP may have parameter and port differences compared to the original customization. Please review the parameters within the IP customization GUI to ensure proper functionality. Also, please review the updated IP instantiation template to ensure proper connectivity, and update your design if required.

2. Connection Warnings
----------------------

Detected external port differences while upgrading 'design_1_HDC_Controller_AXI_W_0_0'. These changes may impact your design.


-Upgraded port 'similarity_counter_dbg' width 10 differs from original width 8







Copyright 1986-2022 Xilinx, Inc. All Rights Reserved. Copyright 2022-2024 Advanced Micro Devices, Inc. All Rights Reserved.
---------------------------------------------------------------------------------------------------------------------------------------------
| Tool Version : Vivado v.2024.1 (win64) Build 5076996 Wed May 22 18:37:14 MDT 2024
| Date         : Thu Aug 28 12:09:19 2025
| Host         : DESKTOP-U0V267S running 64-bit major release  (build 9200)
| Command      : upgrade_ip
| Device       : xczu3eg-sbva484-1-i
---------------------------------------------------------------------------------------------------------------------------------------------

Upgrade Log for IP 'design_1_HDC_Controller_AXI_W_0_0'

1. Summary
----------

SUCCESS in the update of design_1_HDC_Controller_AXI_W_0_0 (xilinx.com:user:HDC_Controller_AXI_Wrapper:1.0 (Rev. 1)) to current project options.






Copyright 1986-2022 Xilinx, Inc. All Rights Reserved. Copyright 2022-2024 Advanced Micro Devices, Inc. All Rights Reserved.
---------------------------------------------------------------------------------------------------------------------------------------------
| Tool Version : Vivado v.2024.1 (win64) Build 5076996 Wed May 22 18:37:14 MDT 2024
| Date         : Thu Aug 28 12:06:53 2025
| Host         : DESKTOP-U0V267S running 64-bit major release  (build 9200)
| Command      : upgrade_ip
| Device       : xczu3eg-sbva484-1-i
---------------------------------------------------------------------------------------------------------------------------------------------

Upgrade Log for IP 'design_1_HDC_Controller_AXI_W_0_0'

1. Summary
----------

CAUTION (success, with warnings) in the update of design_1_HDC_Controller_AXI_W_0_0 (xilinx.com:user:HDC_Controller_AXI_Wrapper:1.0 (Rev. 1)) to current project options.

After upgrade, an IP may have parameter and port differences compared to the original customization. Please review the parameters within the IP customization GUI to ensure proper functionality. Also, please review the updated IP instantiation template to ensure proper connectivity, and update your design if required.

2. Connection Warnings
----------------------

Detected external port differences while upgrading 'design_1_HDC_Controller_AXI_W_0_0'. These changes may impact your design.


-Upgraded port 'global_cnt_dbg' width 10 differs from original width 8

-Upgraded port 'sim_counter_dbg' width 10 differs from original width 8







Copyright 1986-2022 Xilinx, Inc. All Rights Reserved. Copyright 2022-2024 Advanced Micro Devices, Inc. All Rights Reserved.
---------------------------------------------------------------------------------------------------------------------------------------------
| Tool Version : Vivado v.2024.1 (win64) Build 5076996 Wed May 22 18:37:14 MDT 2024
| Date         : Fri Aug 22 14:48:38 2025
| Host         : DESKTOP-U0V267S running 64-bit major release  (build 9200)
| Command      : upgrade_ip
| Device       : xczu3eg-sbva484-1-i
---------------------------------------------------------------------------------------------------------------------------------------------

Upgrade Log for IP 'design_1_HDC_Controller_AXI_W_0_0'

1. Summary
----------

SUCCESS in the update of design_1_HDC_Controller_AXI_W_0_0 (xilinx.com:user:HDC_Controller_AXI_Wrapper:1.0 (Rev. 1)) to current project options.






Copyright 1986-2022 Xilinx, Inc. All Rights Reserved. Copyright 2022-2024 Advanced Micro Devices, Inc. All Rights Reserved.
---------------------------------------------------------------------------------------------------------------------------------------------
| Tool Version : Vivado v.2024.1 (win64) Build 5076996 Wed May 22 18:37:14 MDT 2024
| Date         : Fri Aug 22 11:45:15 2025
| Host         : DESKTOP-U0V267S running 64-bit major release  (build 9200)
| Command      : upgrade_ip
| Device       : xczu3eg-sbva484-1-i
---------------------------------------------------------------------------------------------------------------------------------------------

Upgrade Log for IP 'design_1_HDC_Controller_AXI_W_0_0'

1. Summary
----------

SUCCESS in the update of design_1_HDC_Controller_AXI_W_0_0 (xilinx.com:user:HDC_Controller_AXI_Wrapper:1.0 (Rev. 1)) to current project options.






Copyright 1986-2022 Xilinx, Inc. All Rights Reserved. Copyright 2022-2024 Advanced Micro Devices, Inc. All Rights Reserved.
---------------------------------------------------------------------------------------------------------------------------------------------
| Tool Version : Vivado v.2024.1 (win64) Build 5076996 Wed May 22 18:37:14 MDT 2024
| Date         : Fri Aug 22 11:20:18 2025
| Host         : DESKTOP-U0V267S running 64-bit major release  (build 9200)
| Command      : upgrade_ip
| Device       : xczu3eg-sbva484-1-i
---------------------------------------------------------------------------------------------------------------------------------------------

Upgrade Log for IP 'design_1_HDC_Controller_AXI_W_0_0'

1. Summary
----------

SUCCESS in the update of design_1_HDC_Controller_AXI_W_0_0 (xilinx.com:user:HDC_Controller_AXI_Wrapper:1.0 (Rev. 1)) to current project options.






Copyright 1986-2022 Xilinx, Inc. All Rights Reserved. Copyright 2022-2024 Advanced Micro Devices, Inc. All Rights Reserved.
---------------------------------------------------------------------------------------------------------------------------------------------
| Tool Version : Vivado v.2024.1 (win64) Build 5076996 Wed May 22 18:37:14 MDT 2024
| Date         : Thu Aug 21 23:57:38 2025
| Host         : DESKTOP-U0V267S running 64-bit major release  (build 9200)
| Command      : upgrade_ip
| Device       : xczu3eg-sbva484-1-i
---------------------------------------------------------------------------------------------------------------------------------------------

Upgrade Log for IP 'design_1_HDC_Controller_AXI_W_0_0'

1. Summary
----------

SUCCESS in the update of design_1_HDC_Controller_AXI_W_0_0 (xilinx.com:user:HDC_Controller_AXI_Wrapper:1.0 (Rev. 1)) to current project options.






Copyright 1986-2022 Xilinx, Inc. All Rights Reserved. Copyright 2022-2024 Advanced Micro Devices, Inc. All Rights Reserved.
---------------------------------------------------------------------------------------------------------------------------------------------
| Tool Version : Vivado v.2024.1 (win64) Build 5076996 Wed May 22 18:37:14 MDT 2024
| Date         : Thu Aug 21 23:55:17 2025
| Host         : DESKTOP-U0V267S running 64-bit major release  (build 9200)
| Command      : upgrade_ip
| Device       : xczu3eg-sbva484-1-i
---------------------------------------------------------------------------------------------------------------------------------------------

Upgrade Log for IP 'design_1_HDC_Controller_AXI_W_0_0'

1. Summary
----------

SUCCESS in the update of design_1_HDC_Controller_AXI_W_0_0 (xilinx.com:user:HDC_Controller_AXI_Wrapper:1.0 (Rev. 1)) to current project options.






Copyright 1986-2022 Xilinx, Inc. All Rights Reserved. Copyright 2022-2024 Advanced Micro Devices, Inc. All Rights Reserved.
---------------------------------------------------------------------------------------------------------------------------------------------
| Tool Version : Vivado v.2024.1 (win64) Build 5076996 Wed May 22 18:37:14 MDT 2024
| Date         : Thu Aug 21 15:52:28 2025
| Host         : DESKTOP-U0V267S running 64-bit major release  (build 9200)
| Command      : upgrade_ip
| Device       : xczu3eg-sbva484-1-i
---------------------------------------------------------------------------------------------------------------------------------------------

Upgrade Log for IP 'design_1_HDC_Controller_AXI_W_0_0'

1. Summary
----------

SUCCESS in the update of design_1_HDC_Controller_AXI_W_0_0 (xilinx.com:user:HDC_Controller_AXI_Wrapper:1.0 (Rev. 1)) to current project options.






Copyright 1986-2022 Xilinx, Inc. All Rights Reserved. Copyright 2022-2024 Advanced Micro Devices, Inc. All Rights Reserved.
---------------------------------------------------------------------------------------------------------------------------------------------
| Tool Version : Vivado v.2024.1 (win64) Build 5076996 Wed May 22 18:37:14 MDT 2024
| Date         : Thu Aug 21 15:50:41 2025
| Host         : DESKTOP-U0V267S running 64-bit major release  (build 9200)
| Command      : upgrade_ip
| Device       : xczu3eg-sbva484-1-i
---------------------------------------------------------------------------------------------------------------------------------------------

Upgrade Log for IP 'design_1_HDC_Controller_AXI_W_0_0'

1. Summary
----------

SUCCESS in the update of design_1_HDC_Controller_AXI_W_0_0 (xilinx.com:user:HDC_Controller_AXI_Wrapper:1.0 (Rev. 1)) to current project options.






Copyright 1986-2022 Xilinx, Inc. All Rights Reserved. Copyright 2022-2024 Advanced Micro Devices, Inc. All Rights Reserved.
---------------------------------------------------------------------------------------------------------------------------------------------
| Tool Version : Vivado v.2024.1 (win64) Build 5076996 Wed May 22 18:37:14 MDT 2024
| Date         : Sun Aug 17 18:01:07 2025
| Host         : DESKTOP-U0V267S running 64-bit major release  (build 9200)
| Command      : upgrade_ip
| Device       : xczu3eg-sbva484-1-i
---------------------------------------------------------------------------------------------------------------------------------------------

Upgrade Log for IP 'design_1_HDC_Controller_AXI_W_0_0'

1. Summary
----------

SUCCESS in the update of design_1_HDC_Controller_AXI_W_0_0 (xilinx.com:user:HDC_Controller_AXI_Wrapper:1.0 (Rev. 1)) to current project options.






Copyright 1986-2022 Xilinx, Inc. All Rights Reserved. Copyright 2022-2024 Advanced Micro Devices, Inc. All Rights Reserved.
---------------------------------------------------------------------------------------------------------------------------------------------
| Tool Version : Vivado v.2024.1 (win64) Build 5076996 Wed May 22 18:37:14 MDT 2024
| Date         : Sun Aug 17 16:47:06 2025
| Host         : DESKTOP-U0V267S running 64-bit major release  (build 9200)
| Command      : upgrade_ip
| Device       : xczu3eg-sbva484-1-i
---------------------------------------------------------------------------------------------------------------------------------------------

Upgrade Log for IP 'design_1_HDC_Controller_AXI_W_0_0'

1. Summary
----------

CAUTION (success, with warnings) in the update of design_1_HDC_Controller_AXI_W_0_0 (xilinx.com:user:HDC_Controller_AXI_Wrapper:1.0 (Rev. 1)) to current project options.

After upgrade, an IP may have parameter and port differences compared to the original customization. Please review the parameters within the IP customization GUI to ensure proper functionality. Also, please review the updated IP instantiation template to ensure proper connectivity, and update your design if required.

2. Connection Warnings
----------------------

Detected external port differences while upgrading 'design_1_HDC_Controller_AXI_W_0_0'. These changes may impact your design.


-Upgraded port 'global_cnt_dbg' out differs from original direction in







Copyright 1986-2022 Xilinx, Inc. All Rights Reserved. Copyright 2022-2024 Advanced Micro Devices, Inc. All Rights Reserved.
---------------------------------------------------------------------------------------------------------------------------------------------
| Tool Version : Vivado v.2024.1 (win64) Build 5076996 Wed May 22 18:37:14 MDT 2024
| Date         : Sun Aug 17 16:45:33 2025
| Host         : DESKTOP-U0V267S running 64-bit major release  (build 9200)
| Command      : upgrade_ip
| Device       : xczu3eg-sbva484-1-i
---------------------------------------------------------------------------------------------------------------------------------------------

Upgrade Log for IP 'design_1_HDC_Controller_AXI_W_0_0'

1. Summary
----------

CAUTION (success, with warnings) in the update of design_1_HDC_Controller_AXI_W_0_0 (xilinx.com:user:HDC_Controller_AXI_Wrapper:1.0 (Rev. 1)) to current project options.

After upgrade, an IP may have parameter and port differences compared to the original customization. Please review the parameters within the IP customization GUI to ensure proper functionality. Also, please review the updated IP instantiation template to ensure proper connectivity, and update your design if required.

2. Connection Warnings
----------------------

Detected external port differences while upgrading 'design_1_HDC_Controller_AXI_W_0_0'. These changes may impact your design.


-Upgrade has added port 'global_cnt_dbg'







Copyright 1986-2022 Xilinx, Inc. All Rights Reserved. Copyright 2022-2024 Advanced Micro Devices, Inc. All Rights Reserved.
---------------------------------------------------------------------------------------------------------------------------------------------
| Tool Version : Vivado v.2024.1 (win64) Build 5076996 Wed May 22 18:37:14 MDT 2024
| Date         : Sun Aug 17 15:31:36 2025
| Host         : DESKTOP-U0V267S running 64-bit major release  (build 9200)
| Command      : upgrade_ip
| Device       : xczu3eg-sbva484-1-i
---------------------------------------------------------------------------------------------------------------------------------------------

Upgrade Log for IP 'design_1_HDC_Controller_AXI_W_0_0'

1. Summary
----------

SUCCESS in the update of design_1_HDC_Controller_AXI_W_0_0 (xilinx.com:user:HDC_Controller_AXI_Wrapper:1.0 (Rev. 1)) to current project options.






Copyright 1986-2022 Xilinx, Inc. All Rights Reserved. Copyright 2022-2024 Advanced Micro Devices, Inc. All Rights Reserved.
---------------------------------------------------------------------------------------------------------------------------------------------
| Tool Version : Vivado v.2024.1 (win64) Build 5076996 Wed May 22 18:37:14 MDT 2024
| Date         : Sun Aug 17 15:29:18 2025
| Host         : DESKTOP-U0V267S running 64-bit major release  (build 9200)
| Command      : upgrade_ip
| Device       : xczu3eg-sbva484-1-i
---------------------------------------------------------------------------------------------------------------------------------------------

Upgrade Log for IP 'design_1_HDC_Controller_AXI_W_0_0'

1. Summary
----------

SUCCESS in the update of design_1_HDC_Controller_AXI_W_0_0 (xilinx.com:user:HDC_Controller_AXI_Wrapper:1.0 (Rev. 1)) to current project options.






Copyright 1986-2022 Xilinx, Inc. All Rights Reserved. Copyright 2022-2024 Advanced Micro Devices, Inc. All Rights Reserved.
---------------------------------------------------------------------------------------------------------------------------------------------
| Tool Version : Vivado v.2024.1 (win64) Build 5076996 Wed May 22 18:37:14 MDT 2024
| Date         : Sun Aug 17 15:25:36 2025
| Host         : DESKTOP-U0V267S running 64-bit major release  (build 9200)
| Command      : upgrade_ip
| Device       : xczu3eg-sbva484-1-i
---------------------------------------------------------------------------------------------------------------------------------------------

Upgrade Log for IP 'design_1_HDC_Controller_AXI_W_0_0'

1. Summary
----------

CAUTION (success, with warnings) in the update of design_1_HDC_Controller_AXI_W_0_0 (xilinx.com:user:HDC_Controller_AXI_Wrapper:1.0 (Rev. 1)) to current project options.

After upgrade, an IP may have parameter and port differences compared to the original customization. Please review the parameters within the IP customization GUI to ensure proper functionality. Also, please review the updated IP instantiation template to ensure proper connectivity, and update your design if required.

2. Connection Warnings
----------------------

Detected external port differences while upgrading 'design_1_HDC_Controller_AXI_W_0_0'. These changes may impact your design.


-Upgrade has added port 'test_cnt_dbg'







Copyright 1986-2022 Xilinx, Inc. All Rights Reserved. Copyright 2022-2024 Advanced Micro Devices, Inc. All Rights Reserved.
---------------------------------------------------------------------------------------------------------------------------------------------
| Tool Version : Vivado v.2024.1 (win64) Build 5076996 Wed May 22 18:37:14 MDT 2024
| Date         : Sat Aug 16 23:00:33 2025
| Host         : DESKTOP-U0V267S running 64-bit major release  (build 9200)
| Command      : upgrade_ip
| Device       : xczu3eg-sbva484-1-i
---------------------------------------------------------------------------------------------------------------------------------------------

Upgrade Log for IP 'design_1_HDC_Controller_AXI_W_0_0'

1. Summary
----------

CAUTION (success, with warnings) in the update of design_1_HDC_Controller_AXI_W_0_0 (xilinx.com:user:HDC_Controller_AXI_Wrapper:1.0 (Rev. 1)) to current project options.

After upgrade, an IP may have parameter and port differences compared to the original customization. Please review the parameters within the IP customization GUI to ensure proper functionality. Also, please review the updated IP instantiation template to ensure proper connectivity, and update your design if required.

2. Connection Warnings
----------------------

Detected external port differences while upgrading 'design_1_HDC_Controller_AXI_W_0_0'. These changes may impact your design.


-Upgrade has added port 'maj_class_index_dbg'







Copyright 1986-2022 Xilinx, Inc. All Rights Reserved. Copyright 2022-2024 Advanced Micro Devices, Inc. All Rights Reserved.
---------------------------------------------------------------------------------------------------------------------------------------------
| Tool Version : Vivado v.2024.1 (win64) Build 5076996 Wed May 22 18:37:14 MDT 2024
| Date         : Sat Aug 16 16:25:02 2025
| Host         : DESKTOP-U0V267S running 64-bit major release  (build 9200)
| Command      : upgrade_ip
| Device       : xczu3eg-sbva484-1-i
---------------------------------------------------------------------------------------------------------------------------------------------

Upgrade Log for IP 'design_1_HDC_Controller_AXI_W_0_0'

1. Summary
----------

SUCCESS in the update of design_1_HDC_Controller_AXI_W_0_0 (xilinx.com:user:HDC_Controller_AXI_Wrapper:1.0 (Rev. 1)) to current project options.






Copyright 1986-2022 Xilinx, Inc. All Rights Reserved. Copyright 2022-2024 Advanced Micro Devices, Inc. All Rights Reserved.
---------------------------------------------------------------------------------------------------------------------------------------------
| Tool Version : Vivado v.2024.1 (win64) Build 5076996 Wed May 22 18:37:14 MDT 2024
| Date         : Fri Aug 15 20:20:08 2025
| Host         : DESKTOP-U0V267S running 64-bit major release  (build 9200)
| Command      : upgrade_ip
| Device       : xczu3eg-sbva484-1-i
---------------------------------------------------------------------------------------------------------------------------------------------

Upgrade Log for IP 'design_1_HDC_Controller_AXI_W_0_0'

1. Summary
----------

SUCCESS in the update of design_1_HDC_Controller_AXI_W_0_0 (xilinx.com:user:HDC_Controller_AXI_Wrapper:1.0 (Rev. 1)) to current project options.






Copyright 1986-2022 Xilinx, Inc. All Rights Reserved. Copyright 2022-2024 Advanced Micro Devices, Inc. All Rights Reserved.
---------------------------------------------------------------------------------------------------------------------------------------------
| Tool Version : Vivado v.2024.1 (win64) Build 5076996 Wed May 22 18:37:14 MDT 2024
| Date         : Fri Aug 15 18:22:32 2025
| Host         : DESKTOP-U0V267S running 64-bit major release  (build 9200)
| Command      : upgrade_ip
| Device       : xczu3eg-sbva484-1-i
---------------------------------------------------------------------------------------------------------------------------------------------

Upgrade Log for IP 'design_1_HDC_Controller_AXI_W_0_0'

1. Summary
----------

SUCCESS in the update of design_1_HDC_Controller_AXI_W_0_0 (xilinx.com:user:HDC_Controller_AXI_Wrapper:1.0 (Rev. 1)) to current project options.






Copyright 1986-2022 Xilinx, Inc. All Rights Reserved. Copyright 2022-2024 Advanced Micro Devices, Inc. All Rights Reserved.
---------------------------------------------------------------------------------------------------------------------------------------------
| Tool Version : Vivado v.2024.1 (win64) Build 5076996 Wed May 22 18:37:14 MDT 2024
| Date         : Fri Aug 15 12:33:00 2025
| Host         : DESKTOP-U0V267S running 64-bit major release  (build 9200)
| Command      : upgrade_ip
| Device       : xczu3eg-sbva484-1-i
---------------------------------------------------------------------------------------------------------------------------------------------

Upgrade Log for IP 'design_1_HDC_Controller_AXI_W_0_0'

1. Summary
----------

SUCCESS in the update of design_1_HDC_Controller_AXI_W_0_0 (xilinx.com:user:HDC_Controller_AXI_Wrapper:1.0 (Rev. 1)) to current project options.






Copyright 1986-2022 Xilinx, Inc. All Rights Reserved. Copyright 2022-2024 Advanced Micro Devices, Inc. All Rights Reserved.
---------------------------------------------------------------------------------------------------------------------------------------------
| Tool Version : Vivado v.2024.1 (win64) Build 5076996 Wed May 22 18:37:14 MDT 2024
| Date         : Fri Aug 15 11:22:08 2025
| Host         : DESKTOP-U0V267S running 64-bit major release  (build 9200)
| Command      : upgrade_ip
| Device       : xczu3eg-sbva484-1-i
---------------------------------------------------------------------------------------------------------------------------------------------

Upgrade Log for IP 'design_1_HDC_Controller_AXI_W_0_0'

1. Summary
----------

SUCCESS in the update of design_1_HDC_Controller_AXI_W_0_0 (xilinx.com:user:HDC_Controller_AXI_Wrapper:1.0 (Rev. 1)) to current project options.






Copyright 1986-2022 Xilinx, Inc. All Rights Reserved. Copyright 2022-2024 Advanced Micro Devices, Inc. All Rights Reserved.
---------------------------------------------------------------------------------------------------------------------------------------------
| Tool Version : Vivado v.2024.1 (win64) Build 5076996 Wed May 22 18:37:14 MDT 2024
| Date         : Fri Aug 15 11:19:48 2025
| Host         : DESKTOP-U0V267S running 64-bit major release  (build 9200)
| Command      : upgrade_ip
| Device       : xczu3eg-sbva484-1-i
---------------------------------------------------------------------------------------------------------------------------------------------

Upgrade Log for IP 'design_1_HDC_Controller_AXI_W_0_0'

1. Summary
----------

SUCCESS in the update of design_1_HDC_Controller_AXI_W_0_0 (xilinx.com:user:HDC_Controller_AXI_Wrapper:1.0 (Rev. 1)) to current project options.






Copyright 1986-2022 Xilinx, Inc. All Rights Reserved. Copyright 2022-2024 Advanced Micro Devices, Inc. All Rights Reserved.
---------------------------------------------------------------------------------------------------------------------------------------------
| Tool Version : Vivado v.2024.1 (win64) Build 5076996 Wed May 22 18:37:14 MDT 2024
| Date         : Fri Aug 15 09:34:51 2025
| Host         : DESKTOP-U0V267S running 64-bit major release  (build 9200)
| Command      : upgrade_ip
| Device       : xczu3eg-sbva484-1-i
---------------------------------------------------------------------------------------------------------------------------------------------

Upgrade Log for IP 'design_1_HDC_Controller_AXI_W_0_0'

1. Summary
----------

SUCCESS in the update of design_1_HDC_Controller_AXI_W_0_0 (xilinx.com:user:HDC_Controller_AXI_Wrapper:1.0 (Rev. 1)) to current project options.






Copyright 1986-2022 Xilinx, Inc. All Rights Reserved. Copyright 2022-2024 Advanced Micro Devices, Inc. All Rights Reserved.
---------------------------------------------------------------------------------------------------------------------------------------------
| Tool Version : Vivado v.2024.1 (win64) Build 5076996 Wed May 22 18:37:14 MDT 2024
| Date         : Fri Aug 15 09:20:22 2025
| Host         : DESKTOP-U0V267S running 64-bit major release  (build 9200)
| Command      : upgrade_ip
| Device       : xczu3eg-sbva484-1-i
---------------------------------------------------------------------------------------------------------------------------------------------

Upgrade Log for IP 'design_1_HDC_Controller_AXI_W_0_0'

1. Summary
----------

SUCCESS in the update of design_1_HDC_Controller_AXI_W_0_0 (xilinx.com:user:HDC_Controller_AXI_Wrapper:1.0 (Rev. 1)) to current project options.






Copyright 1986-2022 Xilinx, Inc. All Rights Reserved. Copyright 2022-2024 Advanced Micro Devices, Inc. All Rights Reserved.
---------------------------------------------------------------------------------------------------------------------------------------------
| Tool Version : Vivado v.2024.1 (win64) Build 5076996 Wed May 22 18:37:14 MDT 2024
| Date         : Thu Aug 14 20:54:00 2025
| Host         : DESKTOP-U0V267S running 64-bit major release  (build 9200)
| Command      : upgrade_ip
| Device       : xczu3eg-sbva484-1-i
---------------------------------------------------------------------------------------------------------------------------------------------

Upgrade Log for IP 'design_1_HDC_Controller_AXI_W_0_0'

1. Summary
----------

SUCCESS in the update of design_1_HDC_Controller_AXI_W_0_0 (xilinx.com:user:HDC_Controller_AXI_Wrapper:1.0 (Rev. 1)) to current project options.






Copyright 1986-2022 Xilinx, Inc. All Rights Reserved. Copyright 2022-2024 Advanced Micro Devices, Inc. All Rights Reserved.
---------------------------------------------------------------------------------------------------------------------------------------------
| Tool Version : Vivado v.2024.1 (win64) Build 5076996 Wed May 22 18:37:14 MDT 2024
| Date         : Thu Aug 14 19:54:13 2025
| Host         : DESKTOP-U0V267S running 64-bit major release  (build 9200)
| Command      : upgrade_ip
| Device       : xczu3eg-sbva484-1-i
---------------------------------------------------------------------------------------------------------------------------------------------

Upgrade Log for IP 'design_1_HDC_Controller_AXI_W_0_0'

1. Summary
----------

SUCCESS in the update of design_1_HDC_Controller_AXI_W_0_0 (xilinx.com:user:HDC_Controller_AXI_Wrapper:1.0 (Rev. 1)) to current project options.






Copyright 1986-2022 Xilinx, Inc. All Rights Reserved. Copyright 2022-2024 Advanced Micro Devices, Inc. All Rights Reserved.
---------------------------------------------------------------------------------------------------------------------------------------------
| Tool Version : Vivado v.2024.1 (win64) Build 5076996 Wed May 22 18:37:14 MDT 2024
| Date         : Thu Aug 14 19:50:24 2025
| Host         : DESKTOP-U0V267S running 64-bit major release  (build 9200)
| Command      : upgrade_ip
| Device       : xczu3eg-sbva484-1-i
---------------------------------------------------------------------------------------------------------------------------------------------

Upgrade Log for IP 'design_1_HDC_Controller_AXI_W_0_0'

1. Summary
----------

SUCCESS in the update of design_1_HDC_Controller_AXI_W_0_0 (xilinx.com:user:HDC_Controller_AXI_Wrapper:1.0 (Rev. 1)) to current project options.






Copyright 1986-2022 Xilinx, Inc. All Rights Reserved. Copyright 2022-2024 Advanced Micro Devices, Inc. All Rights Reserved.
---------------------------------------------------------------------------------------------------------------------------------------------
| Tool Version : Vivado v.2024.1 (win64) Build 5076996 Wed May 22 18:37:14 MDT 2024
| Date         : Thu Aug 14 19:46:25 2025
| Host         : DESKTOP-U0V267S running 64-bit major release  (build 9200)
| Command      : upgrade_ip
| Device       : xczu3eg-sbva484-1-i
---------------------------------------------------------------------------------------------------------------------------------------------

Upgrade Log for IP 'design_1_HDC_Controller_AXI_W_0_0'

1. Summary
----------

SUCCESS in the update of design_1_HDC_Controller_AXI_W_0_0 (xilinx.com:user:HDC_Controller_AXI_Wrapper:1.0 (Rev. 1)) to current project options.






Copyright 1986-2022 Xilinx, Inc. All Rights Reserved. Copyright 2022-2024 Advanced Micro Devices, Inc. All Rights Reserved.
---------------------------------------------------------------------------------------------------------------------------------------------
| Tool Version : Vivado v.2024.1 (win64) Build 5076996 Wed May 22 18:37:14 MDT 2024
| Date         : Wed Aug 13 18:21:40 2025
| Host         : DESKTOP-U0V267S running 64-bit major release  (build 9200)
| Command      : upgrade_ip
| Device       : xczu3eg-sbva484-1-i
---------------------------------------------------------------------------------------------------------------------------------------------

Upgrade Log for IP 'design_1_HDC_Controller_AXI_W_0_0'

1. Summary
----------

SUCCESS in the update of design_1_HDC_Controller_AXI_W_0_0 (xilinx.com:user:HDC_Controller_AXI_Wrapper:1.0 (Rev. 1)) to current project options.






Copyright 1986-2022 Xilinx, Inc. All Rights Reserved. Copyright 2022-2024 Advanced Micro Devices, Inc. All Rights Reserved.
---------------------------------------------------------------------------------------------------------------------------------------------
| Tool Version : Vivado v.2024.1 (win64) Build 5076996 Wed May 22 18:37:14 MDT 2024
| Date         : Wed Aug 13 18:19:25 2025
| Host         : DESKTOP-U0V267S running 64-bit major release  (build 9200)
| Command      : upgrade_ip
| Device       : xczu3eg-sbva484-1-i
---------------------------------------------------------------------------------------------------------------------------------------------

Upgrade Log for IP 'design_1_HDC_Controller_AXI_W_0_0'

1. Summary
----------

SUCCESS in the update of design_1_HDC_Controller_AXI_W_0_0 (xilinx.com:user:HDC_Controller_AXI_Wrapper:1.0 (Rev. 1)) to current project options.






Copyright 1986-2022 Xilinx, Inc. All Rights Reserved. Copyright 2022-2024 Advanced Micro Devices, Inc. All Rights Reserved.
---------------------------------------------------------------------------------------------------------------------------------------------
| Tool Version : Vivado v.2024.1 (win64) Build 5076996 Wed May 22 18:37:14 MDT 2024
| Date         : Wed Aug 13 15:04:54 2025
| Host         : DESKTOP-U0V267S running 64-bit major release  (build 9200)
| Command      : upgrade_ip
| Device       : xczu3eg-sbva484-1-i
---------------------------------------------------------------------------------------------------------------------------------------------

Upgrade Log for IP 'design_1_HDC_Controller_AXI_W_0_0'

1. Summary
----------

SUCCESS in the update of design_1_HDC_Controller_AXI_W_0_0 (xilinx.com:user:HDC_Controller_AXI_Wrapper:1.0 (Rev. 1)) to current project options.






Copyright 1986-2022 Xilinx, Inc. All Rights Reserved. Copyright 2022-2024 Advanced Micro Devices, Inc. All Rights Reserved.
---------------------------------------------------------------------------------------------------------------------------------------------
| Tool Version : Vivado v.2024.1 (win64) Build 5076996 Wed May 22 18:37:14 MDT 2024
| Date         : Wed Aug 13 14:40:56 2025
| Host         : DESKTOP-U0V267S running 64-bit major release  (build 9200)
| Command      : upgrade_ip
| Device       : xczu3eg-sbva484-1-i
---------------------------------------------------------------------------------------------------------------------------------------------

Upgrade Log for IP 'design_1_HDC_Controller_AXI_W_0_0'

1. Summary
----------

SUCCESS in the update of design_1_HDC_Controller_AXI_W_0_0 (xilinx.com:user:HDC_Controller_AXI_Wrapper:1.0 (Rev. 1)) to current project options.






Copyright 1986-2022 Xilinx, Inc. All Rights Reserved. Copyright 2022-2024 Advanced Micro Devices, Inc. All Rights Reserved.
---------------------------------------------------------------------------------------------------------------------------------------------
| Tool Version : Vivado v.2024.1 (win64) Build 5076996 Wed May 22 18:37:14 MDT 2024
| Date         : Wed Aug 13 13:56:44 2025
| Host         : DESKTOP-U0V267S running 64-bit major release  (build 9200)
| Command      : upgrade_ip
| Device       : xczu3eg-sbva484-1-i
---------------------------------------------------------------------------------------------------------------------------------------------

Upgrade Log for IP 'design_1_HDC_Controller_AXI_W_0_0'

1. Summary
----------

SUCCESS in the update of design_1_HDC_Controller_AXI_W_0_0 (xilinx.com:user:HDC_Controller_AXI_Wrapper:1.0 (Rev. 1)) to current project options.






Copyright 1986-2022 Xilinx, Inc. All Rights Reserved. Copyright 2022-2024 Advanced Micro Devices, Inc. All Rights Reserved.
---------------------------------------------------------------------------------------------------------------------------------------------
| Tool Version : Vivado v.2024.1 (win64) Build 5076996 Wed May 22 18:37:14 MDT 2024
| Date         : Wed Aug 13 13:08:30 2025
| Host         : DESKTOP-U0V267S running 64-bit major release  (build 9200)
| Command      : upgrade_ip
| Device       : xczu3eg-sbva484-1-i
---------------------------------------------------------------------------------------------------------------------------------------------

Upgrade Log for IP 'design_1_HDC_Controller_AXI_W_0_0'

1. Summary
----------

SUCCESS in the update of design_1_HDC_Controller_AXI_W_0_0 (xilinx.com:user:HDC_Controller_AXI_Wrapper:1.0 (Rev. 1)) to current project options.






Copyright 1986-2022 Xilinx, Inc. All Rights Reserved. Copyright 2022-2024 Advanced Micro Devices, Inc. All Rights Reserved.
---------------------------------------------------------------------------------------------------------------------------------------------
| Tool Version : Vivado v.2024.1 (win64) Build 5076996 Wed May 22 18:37:14 MDT 2024
| Date         : Wed Aug 13 01:57:15 2025
| Host         : DESKTOP-U0V267S running 64-bit major release  (build 9200)
| Command      : upgrade_ip
| Device       : xczu3eg-sbva484-1-i
---------------------------------------------------------------------------------------------------------------------------------------------

Upgrade Log for IP 'design_1_HDC_Controller_AXI_W_0_0'

1. Summary
----------

SUCCESS in the update of design_1_HDC_Controller_AXI_W_0_0 (xilinx.com:user:HDC_Controller_AXI_Wrapper:1.0 (Rev. 1)) to current project options.






Copyright 1986-2022 Xilinx, Inc. All Rights Reserved. Copyright 2022-2024 Advanced Micro Devices, Inc. All Rights Reserved.
---------------------------------------------------------------------------------------------------------------------------------------------
| Tool Version : Vivado v.2024.1 (win64) Build 5076996 Wed May 22 18:37:14 MDT 2024
| Date         : Tue Aug 12 21:51:18 2025
| Host         : DESKTOP-U0V267S running 64-bit major release  (build 9200)
| Command      : upgrade_ip
| Device       : xczu3eg-sbva484-1-i
---------------------------------------------------------------------------------------------------------------------------------------------

Upgrade Log for IP 'design_1_HDC_Controller_AXI_W_0_0'

1. Summary
----------

SUCCESS in the update of design_1_HDC_Controller_AXI_W_0_0 (xilinx.com:user:HDC_Controller_AXI_Wrapper:1.0 (Rev. 1)) to current project options.






Copyright 1986-2022 Xilinx, Inc. All Rights Reserved. Copyright 2022-2024 Advanced Micro Devices, Inc. All Rights Reserved.
---------------------------------------------------------------------------------------------------------------------------------------------
| Tool Version : Vivado v.2024.1 (win64) Build 5076996 Wed May 22 18:37:14 MDT 2024
| Date         : Tue Aug 12 21:33:39 2025
| Host         : DESKTOP-U0V267S running 64-bit major release  (build 9200)
| Command      : upgrade_ip
| Device       : xczu3eg-sbva484-1-i
---------------------------------------------------------------------------------------------------------------------------------------------

Upgrade Log for IP 'design_1_HDC_Controller_AXI_W_0_0'

1. Summary
----------

SUCCESS in the update of design_1_HDC_Controller_AXI_W_0_0 (xilinx.com:user:HDC_Controller_AXI_Wrapper:1.0 (Rev. 1)) to current project options.






Copyright 1986-2022 Xilinx, Inc. All Rights Reserved. Copyright 2022-2024 Advanced Micro Devices, Inc. All Rights Reserved.
---------------------------------------------------------------------------------------------------------------------------------------------
| Tool Version : Vivado v.2024.1 (win64) Build 5076996 Wed May 22 18:37:14 MDT 2024
| Date         : Tue Aug 12 19:45:41 2025
| Host         : DESKTOP-U0V267S running 64-bit major release  (build 9200)
| Command      : upgrade_ip
| Device       : xczu3eg-sbva484-1-i
---------------------------------------------------------------------------------------------------------------------------------------------

Upgrade Log for IP 'design_1_HDC_Controller_AXI_W_0_0'

1. Summary
----------

SUCCESS in the update of design_1_HDC_Controller_AXI_W_0_0 (xilinx.com:user:HDC_Controller_AXI_Wrapper:1.0 (Rev. 1)) to current project options.






Copyright 1986-2022 Xilinx, Inc. All Rights Reserved. Copyright 2022-2024 Advanced Micro Devices, Inc. All Rights Reserved.
---------------------------------------------------------------------------------------------------------------------------------------------
| Tool Version : Vivado v.2024.1 (win64) Build 5076996 Wed May 22 18:37:14 MDT 2024
| Date         : Sat Aug  9 23:25:05 2025
| Host         : DESKTOP-U0V267S running 64-bit major release  (build 9200)
| Command      : upgrade_ip
| Device       : xczu3eg-sbva484-1-i
---------------------------------------------------------------------------------------------------------------------------------------------

Upgrade Log for IP 'design_1_HDC_Controller_AXI_W_0_0'

1. Summary
----------

SUCCESS in the update of design_1_HDC_Controller_AXI_W_0_0 (xilinx.com:user:HDC_Controller_AXI_Wrapper:1.0 (Rev. 1)) to current project options.

