#-----------------------------------------------------------
# Vivado v2024.2 (64-bit)
# SW Build 5239630 on Fri Nov 08 22:35:27 MST 2024
# IP Build 5239520 on Sun Nov 10 16:12:51 MST 2024
# SharedData Build 5239561 on Fri Nov 08 14:39:27 MST 2024
# Start of session at: Sat Aug 30 22:42:15 2025
# Process ID         : 30428
# Current directory  : D:/Documents/FAU/MasterProjektRelease/Debugging/MASTERPROJEKT_DEBUGGING
# Command line       : vivado.exe -gui_launcher_event rodinguilauncherevent32688 D:\Documents\FAU\MasterProjektRelease\Debugging\MASTERPROJEKT_DEBUGGING\MASTERPROJEKT_DEBUGGING.xpr
# Log file           : D:/Documents/FAU/MasterProjektRelease/Debugging/MASTERPROJEKT_DEBUGGING/vivado.log
# Journal file       : D:/Documents/FAU/MasterProjektRelease/Debugging/MASTERPROJEKT_DEBUGGING\vivado.jou
# Running On         : DESKTOP-U0V267S
# Platform           : Windows Server 2016 or Windows 10
# Operating System   : 26100
# Processor Detail   : AMD Ryzen 7 3700X 8-Core Processor             
# CPU Frequency      : 3600 MHz
# CPU Physical cores : 8
# CPU Logical cores  : 16
# Host memory        : 34282 MB
# Swap memory        : 14495 MB
# Total Virtual      : 48777 MB
# Available Virtual  : 23354 MB
#-----------------------------------------------------------sstart_guiexit
INFO: [Common 17-206] Exiting Vivado at Sat Aug 30 22:43:43 2025...

