Copyright 1986-2022 Xilinx, Inc. All Rights Reserved. Copyright 2022-2024 Advanced Micro Devices, Inc. All Rights Reserved.
-----------------------------------------------------------------------------------------------------------------------------------------------
| Tool Version : Vivado v.2024.1 (win64) Build 5076996 Wed May 22 18:37:14 MDT 2024
| Date         : Thu Aug 28 17:10:47 2025
| Host         : DESKTOP-U0V267S running 64-bit major release  (build 9200)
| Command      : report_utilization -file HDC_Controller_AXI_Wrapper_utilization_synth.rpt -pb HDC_Controller_AXI_Wrapper_utilization_synth.pb
| Design       : HDC_Controller_AXI_Wrapper
| Device       : xczu3eg-sbva484-1-i
| Speed File   : -1
| Design State : Synthesized
-----------------------------------------------------------------------------------------------------------------------------------------------

Utilization Design Information

Table of Contents
-----------------
1. CLB Logic
1.1 Summary of Registers by Type
2. BLOCKRAM
3. ARITHMETIC
4. I/O
5. CLOCK
6. ADVANCED
7. CONFIGURATION
8. Primitives
9. Black Boxes
10. Instantiated Netlists

1. CLB Logic
------------

+-------------------------+-------+-------+------------+-----------+-------+
|        Site Type        |  Used | Fixed | Prohibited | Available | Util% |
+-------------------------+-------+-------+------------+-----------+-------+
| CLB LUTs*               | 42105 |     0 |          0 |     70560 | 59.67 |
|   LUT as Logic          | 42105 |     0 |          0 |     70560 | 59.67 |
|   LUT as Memory         |     0 |     0 |          0 |     28800 |  0.00 |
| CLB Registers           | 41995 |     0 |          0 |    141120 | 29.76 |
|   Register as Flip Flop | 41995 |     0 |          0 |    141120 | 29.76 |
|   Register as Latch     |     0 |     0 |          0 |    141120 |  0.00 |
| CARRY8                  |    40 |     0 |          0 |      8820 |  0.45 |
| F7 Muxes                |  3537 |     0 |          0 |     35280 | 10.03 |
| F8 Muxes                |   760 |     0 |          0 |     17640 |  4.31 |
| F9 Muxes                |     0 |     0 |          0 |      8820 |  0.00 |
+-------------------------+-------+-------+------------+-----------+-------+
* Warning! The Final LUT count, after physical optimizations and full implementation, is typically lower. Run opt_design after synthesis, if not already completed, for a more realistic count.
Warning! LUT value is adjusted to account for LUT combining.
Warning! For any ECO changes, please run place_design if there are unplaced instances


1.1 Summary of Registers by Type
--------------------------------

+-------+--------------+-------------+--------------+
| Total | Clock Enable | Synchronous | Asynchronous |
+-------+--------------+-------------+--------------+
| 0     |            _ |           - |            - |
| 0     |            _ |           - |          Set |
| 0     |            _ |           - |        Reset |
| 0     |            _ |         Set |            - |
| 0     |            _ |       Reset |            - |
| 0     |          Yes |           - |            - |
| 16    |          Yes |           - |          Set |
| 30375 |          Yes |           - |        Reset |
| 3     |          Yes |         Set |            - |
| 11601 |          Yes |       Reset |            - |
+-------+--------------+-------------+--------------+


2. BLOCKRAM
-----------

+-------------------+------+-------+------------+-----------+-------+
|     Site Type     | Used | Fixed | Prohibited | Available | Util% |
+-------------------+------+-------+------------+-----------+-------+
| Block RAM Tile    |   45 |     0 |          0 |       216 | 20.83 |
|   RAMB36/FIFO*    |   44 |     0 |          0 |       216 | 20.37 |
|     RAMB36E2 only |   44 |       |            |           |       |
|   RAMB18          |    2 |     0 |          0 |       432 |  0.46 |
|     RAMB18E2 only |    2 |       |            |           |       |
+-------------------+------+-------+------------+-----------+-------+
* Note: Each Block RAM Tile only has one FIFO logic available and therefore can accommodate only one FIFO36E2 or one FIFO18E2. However, if a FIFO18E2 occupies a Block RAM Tile, that tile can still accommodate a RAMB18E2


3. ARITHMETIC
-------------

+----------------+------+-------+------------+-----------+-------+
|    Site Type   | Used | Fixed | Prohibited | Available | Util% |
+----------------+------+-------+------------+-----------+-------+
| DSPs           |    5 |     0 |          0 |       360 |  1.39 |
|   DSP48E2 only |    5 |       |            |           |       |
+----------------+------+-------+------------+-----------+-------+


4. I/O
------

+------------+------+-------+------------+-----------+---------+
|  Site Type | Used | Fixed | Prohibited | Available |  Util%  |
+------------+------+-------+------------+-----------+---------+
| Bonded IOB | 1410 |     0 |          0 |        82 | 1719.51 |
+------------+------+-------+------------+-----------+---------+


5. CLOCK
--------

+------------+------+-------+------------+-----------+-------+
|  Site Type | Used | Fixed | Prohibited | Available | Util% |
+------------+------+-------+------------+-----------+-------+
| BUFGCE     |    1 |     0 |          0 |        88 |  1.14 |
| BUFGCE_DIV |    0 |     0 |          0 |        12 |  0.00 |
| BUFG_PS    |    0 |     0 |          0 |        72 |  0.00 |
| BUFGCTRL*  |    0 |     0 |          0 |        24 |  0.00 |
| PLL        |    0 |     0 |          0 |         6 |  0.00 |
| MMCM       |    0 |     0 |          0 |         3 |  0.00 |
+------------+------+-------+------------+-----------+-------+
* Note: Each used BUFGCTRL counts as two GLOBAL CLOCK BUFFERs. This table does not include global clocking resources, only buffer cell usage. See the Clock Utilization Report (report_clock_utilization) for detailed accounting of global clocking resource availability.


6. ADVANCED
-----------

+-----------+------+-------+------------+-----------+-------+
| Site Type | Used | Fixed | Prohibited | Available | Util% |
+-----------+------+-------+------------+-----------+-------+
| PS8       |    0 |     0 |          0 |         1 |  0.00 |
| SYSMONE4  |    0 |     0 |          0 |         1 |  0.00 |
+-----------+------+-------+------------+-----------+-------+


7. CONFIGURATION
----------------

+-------------+------+-------+------------+-----------+-------+
|  Site Type  | Used | Fixed | Prohibited | Available | Util% |
+-------------+------+-------+------------+-----------+-------+
| BSCANE2     |    0 |     0 |          0 |         4 |  0.00 |
| DNA_PORTE2  |    0 |     0 |          0 |         1 |  0.00 |
| EFUSE_USR   |    0 |     0 |          0 |         1 |  0.00 |
| FRAME_ECCE4 |    0 |     0 |          0 |         1 |  0.00 |
| ICAPE3      |    0 |     0 |          0 |         2 |  0.00 |
| MASTER_JTAG |    0 |     0 |          0 |         1 |  0.00 |
| STARTUPE3   |    0 |     0 |          0 |         1 |  0.00 |
+-------------+------+-------+------------+-----------+-------+


8. Primitives
-------------

+----------+-------+---------------------+
| Ref Name |  Used | Functional Category |
+----------+-------+---------------------+
| FDCE     | 30375 |            Register |
| LUT6     | 30367 |                 CLB |
| FDRE     | 11601 |            Register |
| LUT5     | 10565 |                 CLB |
| MUXF7    |  3537 |                 CLB |
| OBUFT    |   914 |                 I/O |
| MUXF8    |   760 |                 CLB |
| LUT4     |   680 |                 CLB |
| LUT3     |   482 |                 CLB |
| LUT2     |   451 |                 CLB |
| OBUF     |   449 |                 I/O |
| INBUF    |    47 |                 I/O |
| IBUFCTRL |    47 |              Others |
| RAMB36E2 |    44 |            BLOCKRAM |
| CARRY8   |    40 |                 CLB |
| LUT1     |    36 |                 CLB |
| FDPE     |    16 |            Register |
| DSP48E2  |     5 |          Arithmetic |
| FDSE     |     3 |            Register |
| RAMB18E2 |     2 |            BLOCKRAM |
| BUFGCE   |     1 |               Clock |
+----------+-------+---------------------+


9. Black Boxes
--------------

+----------+------+
| Ref Name | Used |
+----------+------+


10. Instantiated Netlists
-------------------------

+----------+------+
| Ref Name | Used |
+----------+------+


